// Jest Snapshot v1, https://goo.gl/fbAQLP

exports[`<ProductsPage> should match snapshot 1`] = `
<div>
  <h1>
    Products page
  </h1>
  <ul>
    <li>
      <a
        href="/products/1"
        onClick={[Function]}
        onMouseEnter={[Function]}
      >
        1
      </a>
    </li>
    <li>
      <a
        href="/products/2"
        onClick={[Function]}
        onMouseEnter={[Function]}
      >
        2
      </a>
    </li>
    <li>
      <a
        href="/products/3"
        onClick={[Function]}
        onMouseEnter={[Function]}
      >
        3
      </a>
    </li>
    <li>
      <a
        href="/products/4"
        onClick={[Function]}
        onMouseEnter={[Function]}
      >
        4
      </a>
    </li>
    <li>
      <a
        href="/products/5"
        onClick={[Function]}
        onMouseEnter={[Function]}
      >
        5
      </a>
    </li>
    <li>
      <a
        href="/products/6"
        onClick={[Function]}
        onMouseEnter={[Function]}
      >
        6
      </a>
    </li>
    <li>
      <a
        href="/products/7"
        onClick={[Function]}
        onMouseEnter={[Function]}
      >
        7
      </a>
    </li>
    <li>
      <a
        href="/products/8"
        onClick={[Function]}
        onMouseEnter={[Function]}
      >
        8
      </a>
    </li>
    <li>
      <a
        href="/products/9"
        onClick={[Function]}
        onMouseEnter={[Function]}
      >
        9
      </a>
    </li>
    <li>
      <a
        href="/products/10"
        onClick={[Function]}
        onMouseEnter={[Function]}
      >
        10
      </a>
    </li>
  </ul>
</div>
`;
